 #=======================================================================
 #
 #    ______________________ ____    ________  __      __  _________
 #    \__    ___/\_   _____/|    |   \_____  \/  \    /  \/   _____/
 #      |    |    |    __)  |    |    /   |   \   \/\/   /\_____  \
 #      |    |    |     \   |    |___/    |    \        / /        \
 #      |____|    \___  /   |_______ \_______  /\__/\  / /_______  /
 #                    \/            \/       \/      \/          \/
 #                     _____                      __
 #                    / ___/__  ___ _  _____ ____/ /_
 #                   / /__/ _ \/ _ \ |/ / -_) __/ __/
 #                   \___/\___/_//_/___/\__/_/  \__/
 #
 #                         Double precision mode
 #                  Compiled with recursive quicksort
 #-----------------------------------------------------------------------
 #========================================================
 # Enter the grid file name you are importing (with ext.):
 #--------------------------------------------------------
 # Reading the ASCII file: fuel_bundle.msh
 #===================================================================
 # Based on the contents, you are reading Gmsh's .msh file format
 #-------------------------------------------------------------------
 # Reading the binary file: fuel_bundle.msh
 # Reading the ASCII file: fuel_bundle.msh
 # Number of nodes:      1769613
 # Total number of nodes:               1769613
 # Total number of cells:               1708800
 # Total number of blocks:                    1
 # Total number of boundary sections:         3
 # Total number of boundary cells:       120544
 # Browse through groups, for more detailed info
 # Boundary cells in section:  1 112000
 # Boundary cells in section:  2   4272
 # Boundary cells in section:  3   4272
 #=======================================================
 # Grid currently has the following boundary conditions:
 #- - - - - - - - - - - - - - - - - - - - - - - - - - - -
 # 1. WALL
 # 2. OUTLET
 # 3. INLET
 #-------------------------------------------------------
 #=================================================
 # Parent information not given in the input file!
 # Looking for parents. This may take a few minutes
 #-------------------------------------------------
 # Number of boundary cells:       120544
 # Number of inside cells:        1708800
 # Number of all cells near boundary:                120382
 # Number of all cells's faces near boundary:       842836
 # Number of matches:       112000
 # Number of matches:         4272
 # Number of matches:         4272
 # Number of boundary cells:             120544
 # Number of faces on the boundary:      120544
 # Number of faces:                     5186672
 #=======================================================
 # Merging nodes in "FUEL_BUNDLE" if needed
 #-------------------------------------------------------
 # Original number of nodes:  1769613
 # Number of unique nodes:    1769613
 # No duplicate nodes found, nothing to merge!
 #=================================================
 # Would you like to create a dual grid? (yes/no)
 #-------------------------------------------------
 #=========================================
 # Geometric extents:                 
 #-----------------------------------------
 # X from:  0.000E+00  to:  1.280E-02
 # Y from:  0.000E+00  to:  1.280E-02
 # Z from:  0.000E+00  to:  3.936E-02
 # Enter scaling factor for geometry: 
 # (or skip to keep as is): 
 #-----------------------------------------
 #======================================================
 # Searching for nodal coordinate clusters
 #------------------------------------------------------
 # Number of clusters in x, y and z:   high  high   401                         
 # Grid is homogeneous in z direction
 #------------------------------------------------------
 # Cell centers calculated !
 # Face surfaces calculated !
 # Face centers calculated !
 #====================================
 # Position the boundary cell centres:
 #------------------------------------
 # Type 1 for barycentric placement
 # Type 2 for orthogonal placement
 #------------------------------------
 # Face surfaces corrected !
 #=======================================================
 # Grid currently has the following boundary conditions:
 #- - - - - - - - - - - - - - - - - - - - - - - - - - - -
 # 1. WALL
 # 2. OUTLET
 # 3. INLET
 #-------------------------------------------------------
 #==============================================================
 # Enter the ordinal number(s) of periodic-boundary condition(s)
 # from the boundary condition list (see above)                 
 # Type skip if there is none !                                 
 #--------------------------------------------------------------
 # Phase II: number of shadow faces:          0
 #=========================================================
 # Checked that all faces had good orientation (c1 -> c2). 
 #---------------------------------------------------------
 # Old number of faces:                 5186672
 # New number of faces:                 5186672
 # Maximal distance of periodic boundary is:  0.00000E+00
 # Cell volumes calculated !
 # Minimal cell volume is:                    8.64948E-13
 # Maximal cell volume is:                    3.89407E-12
 # Total domain volume is:                    3.45604E-06
 # Cell volumes calculated !
 # Cell volumes calculated !
 #=====================================================
 # Face interpolation factors have been calculated
 #- - - - - - - - - - - - - - - - - - - - - - - - - - -
 # It is useful to keep in mind that factors closer to
 # 0.5 and shifts closer to 0.0 are better
 #-----------------------------------------------------
 # Minimum factor:  3.96023E-01
 # Maximum factor:  6.01020E-01
 # Average factor:  4.99291E-01
 # Minimum shift :  0.00000E+00
 # Maximum shift :  4.34734E-01
 # Average shift :  3.26531E-02
 #==========================================================
 # In Sort_Cells_By_Coordinates
 #----------------------------------------------------------
 # Maximum cell difference at single face:       45600
 # Maximum cell difference betwen two faces:   1699600
 #==========================================================
 # In Sort_Faces_By_Region
 #----------------------------------------------------------
 # Maximum cell difference at single face:       45600
 # Maximum cell difference betwen two faces:     45598
 #=======================================================
 # Grid currently has the following boundary conditions:
 #- - - - - - - - - - - - - - - - - - - - - - - - - - - -
 # 1. WALL
 # 2. OUTLET
 # 3. INLET
 #-------------------------------------------------------
 #===========================================================
 # Calculating distance from the walls
 #- - - - - - - - - - - - - - - - - - - - - - - - - - - - - -
 # Type ordinal number(s) of wall or wall_flux boundary
 # condition(s) from the boundary condition list (see above)
 # separated by space. Cells' centers distances to the
 # nearest wall will be calculated for the listed wall
 # boundary(s).
 #
 # This is needed for RANS and HYBRID turbulence models, for
 # proper initialization with potential pressure-like field,
 # but also for problems in multiple domains, such as
 # conjugate heat transfer.
 #
 # Type "skip" to skip this and set wall distance to -1.0
 # everywhere.
 #-----------------------------------------------------------
 # Distance to the wall set to -1.0 everywhere !
 #=========================================================
 #
 # Grid FUEL_BUNDLE statistics
 #
 #---------------------------------------------------------
 # Bounding box:
 #   X range:  0.000E+00  to:  1.280E-02
 #   Y range:  0.000E+00  to:  1.280E-02
 #   Z range:  0.000E+00  to:  3.936E-02
 #- - - - - - - - - - - - - - - - - - - - - - - - - - - -
 # Number of faces:            5186672
 # Number of shadows:                0
 #
 # Face shape breakdown:
 #   quadrilaterals:   5186672
 #- - - - - - - - - - - - - - - - - - - - - - - - - - - -
 # Number of bnd. cells:     120544
 # Number of inside cells:  1708800
 #
 # Cell shape breakdown:
 #   quadrilaterals:    120544
 #   hexahedra:        1708800
 #---------------------------------------------------------
 # Creating the binary file: fuel_bundle.cfn
 # Creating the binary file: fuel_bundle.dim
 # Creating the binary file: fuel_bundle.vtu
 # Creating the binary file: fuel_bundle.faces.vtu
 # NOTE: No shadow faces in this domain, nothing to plot!
 # Creating the ASCII file: control_template_for_fuel_bundle
 #===========================================
 # Creating 1d file with the node 
 # coordinates in non-homogeneous directions 
 #-------------------------------------------
 # Insert non-homogeneous direction 
 # (x, y, z, rx, ry, rz or skip)
 #-------------------------------------------
 #===============================================================#
 #                     CPU usage statistics                      #
 #---------------------------------------------------------------#
 #            Total CPU time: 000:00:33 [hhh:mm:ss]              #
 #---------------------------------------------+-----------------#
 #        Description of the activity:         |   Spent time:   #
 #---------------------------------------------+-----------------#
 # - Load_Gmsh                                 |     35.45 %     #
 # - Calculate_Geometry                        |     23.24 %     #
 # - Main                                      |     15.53 %     #
 # - Find_Faces                                |     11.44 %     #
 # - Load_Gmsh (find sections)                 |      5.57 %     #
 # - Save_Dim                                  |      2.77 %     #
 # - Save_Vtu_Faces                            |      1.59 %     #
 # - Find_Parents                              |      1.26 %     #
 # - Save_Cfn                                  |      1.01 %     #
 # - Save_Vtu_Cells                            |      0.73 %     #
 # - Find_Cells_Faces                          |      0.57 %     #
 # - Save_Cfn (error traps only)               |      0.45 %     #
 # - Grid_Topology                             |      0.38 %     #
 # - Calculate_Wall_Distance                   |      0.01 %     #
 #---------------------------------------------+-----------------#
 
