Info    : Running 'gmsh -3 fuel_bundle.geo' [Gmsh 4.11.0-git-93faca8c2, 1 node, max. 1 thread]
Info    : Started on Thu Jan 25 16:14:21 2024
Info    : Reading 'fuel_bundle.geo'...
Info    : Done reading 'fuel_bundle.geo'
Info    : Meshing 1D...
Info    : [  0%] Meshing curve 1 (Circle)
Info    : [ 10%] Meshing curve 2 (Circle)
Info    : [ 10%] Meshing curve 3 (Circle)
Info    : [ 20%] Meshing curve 4 (Circle)
Info    : [ 20%] Meshing curve 5 (Line)
Info    : [ 30%] Meshing curve 6 (Line)
Info    : [ 30%] Meshing curve 7 (Line)
Info    : [ 30%] Meshing curve 8 (Line)
Info    : [ 40%] Meshing curve 10 (Extruded)
Info    : [ 40%] Meshing curve 11 (Extruded)
Info    : [ 50%] Meshing curve 12 (Extruded)
Info    : [ 50%] Meshing curve 13 (Extruded)
Info    : [ 50%] Meshing curve 14 (Extruded)
Info    : [ 60%] Meshing curve 15 (Extruded)
Info    : [ 60%] Meshing curve 16 (Extruded)
Info    : [ 70%] Meshing curve 17 (Extruded)
Info    : [ 70%] Meshing curve 19 (Extruded)
Info    : [ 80%] Meshing curve 20 (Extruded)
Info    : [ 80%] Meshing curve 24 (Extruded)
Info    : [ 80%] Meshing curve 28 (Extruded)
Info    : [ 90%] Meshing curve 32 (Extruded)
Info    : [ 90%] Meshing curve 36 (Extruded)
Info    : [100%] Meshing curve 40 (Extruded)
Info    : [100%] Meshing curve 44 (Extruded)
Info    : Done meshing 1D (Wall 0.00206579s, CPU 0.002066s)
Info    : Meshing 2D...
Info    : [  0%] Meshing surface 1 (Plane, Frontal-Delaunay)
Info    : [  0%] Blossom: 12853 internal 280 closed
Info    : [  0%] Blossom recombination completed (Wall 0.47312s, CPU 0.464937s): 4272 quads, 0 triangles, 0 invalid quads, 0 quads with Q < 0.1, avg Q = 0.80577, min Q = 0.503233
Info    : [ 10%] Meshing surface 21 (Extruded)
Info    : [ 20%] Meshing surface 25 (Extruded)
Info    : [ 30%] Meshing surface 29 (Extruded)
Info    : [ 40%] Meshing surface 33 (Extruded)
Info    : [ 50%] Meshing surface 37 (Extruded)
Info    : [ 60%] Meshing surface 41 (Extruded)
Info    : [ 70%] Meshing surface 45 (Extruded)
Info    : [ 80%] Meshing surface 49 (Extruded)
Info    : [ 90%] Meshing surface 50 (Extruded)
Info    : Done meshing 2D (Wall 1.30001s, CPU 1.27575s)
Info    : Meshing 3D...
Info    : Meshing volume 1 (Extruded)
Info    : Done meshing 3D (Wall 11.6287s, CPU 11.4326s)
Info    : Optimizing mesh...
Info    : Done optimizing mesh (Wall 0.0830727s, CPU 0.08307s)
Info    : 1769621 nodes 1833128 elements
Info    : Writing 'fuel_bundle.msh'...
Info    : Done writing 'fuel_bundle.msh'
Info    : Stopped on Thu Jan 25 16:14:38 2024 (From start: Wall 16.9378s, CPU 16.5754s)
